../Core/Src/main.c:85:6:HAL_I2S_TxCpltCallback	24	static
../Core/Src/main.c:98:5:playWavFile	664	static
../Core/Src/main.c:237:5:playWavFile_Me	33432	static
../Core/Src/main.c:350:5:playWavFile_Test	664	static
../Core/Src/main.c:495:5:main	16	static
../Core/Src/main.c:560:6:SystemClock_Config	96	static
../Core/Src/main.c:607:13:MX_I2S2_Init	8	static
../Core/Src/main.c:639:13:MX_SDIO_SD_Init	4	static
../Core/Src/main.c:665:13:MX_DMA_Init	16	static
../Core/Src/main.c:687:13:MX_GPIO_Init	40	static
../Core/Src/main.c:743:6:Error_Handler	4	static,ignoring_inline_asm
