../Core/Src/main.c:120:6:HAL_I2S_TxCpltCallback	24	static
../Core/Src/main.c:133:5:playWavFile	656	static
../Core/Src/main.c:281:5:main	16	static
../Core/Src/main.c:350:6:SystemClock_Config	96	static
../Core/Src/main.c:398:13:MX_ADC1_Init	24	static
../Core/Src/main.c:445:13:MX_I2S2_Init	8	static
../Core/Src/main.c:477:13:MX_SDIO_SD_Init	4	static
../Core/Src/main.c:505:13:MX_GPIO_Init	40	static
../Core/Src/main.c:593:6:HAL_GPIO_EXTI_Callback	16	static
../Core/Src/main.c:624:6:Error_Handler	4	static,ignoring_inline_asm
