../Core/Src/main.c:120:6:HAL_I2S_TxCpltCallback	24	static
../Core/Src/main.c:133:5:playWavFile	656	static
../Core/Src/main.c:281:5:main	16	static
../Core/Src/main.c:358:6:SystemClock_Config	96	static
../Core/Src/main.c:406:13:MX_ADC1_Init	24	static
../Core/Src/main.c:453:13:MX_I2S2_Init	8	static
../Core/Src/main.c:485:13:MX_SDIO_SD_Init	4	static
../Core/Src/main.c:513:13:MX_GPIO_Init	40	static
../Core/Src/main.c:601:6:HAL_GPIO_EXTI_Callback	16	static
../Core/Src/main.c:632:6:Error_Handler	4	static,ignoring_inline_asm
